// Jest Snapshot v1, https://goo.gl/fbAQLP

exports[`parse css url encode 1`] = `"data:image/png;base64,iVBORw0KGgoAAAANSUhEUgAAAAEAAAABAQAAAAA3bvkkAAAAAnRSTlMAAHaTzTgAAAAKSURBVHgBY2AAAAACAAFzdQEYAAAAAElFTkSuQmCC"`;

exports[`parse css url encode file 1`] = `"data:image/svg+xml,%3csvg xmlns='http://www.w3.org/2000/svg' viewBox='0 0 100 100'%3e %3cpath d='M10%2c10 H90 L50%2c70'/%3e%3ctext y='90'%3e'' %26apos%3b %23 %25 %26amp%3b %c2%bf %f0%9f%94%a3%3c/text%3e %3c/svg%3e"`;

exports[`parse css url encode file 2`] = `"data:image/png;base64,iVBORw0KGgoAAAANSUhEUgAAAAEAAAABAQAAAAA3bvkkAAAAAnRSTlMAAHaTzTgAAAAKSURBVHgBY2AAAAACAAFzdQEYAAAAAElFTkSuQmCC"`;

exports[`parse css url encode svg without optimization 1`] = `"data:image/svg+xml,%3Csvg%20xmlns%3D%22http%3A%2F%2Fwww.w3.org%2F2000%2Fsvg%22%20viewBox%3D%220%200%20100%20100%22%3E%0A%0A%20%20%20%20%3Cpath%20d%3D%22M10%2C10%20H90%20L50%2C70%22%2F%3E%3Ctext%20y%3D%2290%22%3E%22'%20%26apos%3B%20%23%20%25%20%26amp%3B%20%C2%BF%20%F0%9F%94%A3%3C%2Ftext%3E%0A%3C%2Fsvg%3E%0A"`;
